[
   {
    "city": "Laval",
    "id": 6050612
  },
  {
    "city": "Morden",
    "id": 6078447
  },
   {
    "city": "Port Hope",
    "id": 6111881
  },
  {
    "city": "Thornhill",
    "id": 6165683
  },
  {
    "city": "Wasaga Beach",
    "id": 6176421
  }
]